OK   eoraptor <- File:Eoraptor_Lunensis_20250105.jpg
OK   plateosaurus <- File:Plateosaurus reconstruction, from Osborn, H. F. (1917). The origin and evolution of life, on the theory of action, reaction and interaction of energy.jpg
OK   lesothosaurus <- File:Krause-Harder Lesothosaurus.jpg
OK   camarasaurus <- File:Gilmore Camarasaurus reconstruction.png
OK   nodosaurus <- File:Nodosaurus 500 TWA.JPG
OK   citipati <- File:Citipati MPC-D 100 971 restoration.png
OK   saichania <- File:Saichania.jpg
OK   dreadnoughtus <- File:Dreadnoughtus_Published_Reconstruction_(Version_2).jpg
OK   puertasaurus <- File:Puertasaurus copia.jpg
OK   dakotaraptor <- File:Dakotaraptor and Utahraptor.jpg
OK   muttaburrasaurus <- File:Muttaburrasaurus head reconstruction.png
OK   Epidexipteryx <- File:Epidexipteryx (long fingers).JPG
OK   monoclonius <- File:Monoclonius_crassus.jpg
OK   megaraptor <- File:Megaraptor TD.png
OK   noasaurus <- File:Noasaurus by Paleolazo.png
OK   pteranodon <- File:WA1215 71 Natural History Pteranodon longiceps model 3D.jpg
OK   dimorphodon <- File:Dimorphodon reconstruction Seeley 1901.jpg
OK   tapejara <- File:Tapejara wellnoferi.jpg
OK   liopleurodon <- File:Ejemplares de un Liopleurodon ferox, un Carcharocles megalodon y un Livyatan melvillei de abajo hacia arriba respectivamente.jpg
OK   paraceratherium <- File:Paraceratherium restorations 1923.jpg
OK   kelenken <- File:Kelenken hunting.jpg
OK   argentavis <- File:MEF_Argentavis.jpg
OK   deinotherium <- File:Deinotherium giganteum IMG 0992.jpg
OK   chalicotherium <- File:Chalicotherium brevirostris DB24.jpg
OK   pelagornis <- File:Pelagornis_miocaenus.jpg
OK   woolly-rhino <- File:Woolly rhinoceros (Coelodonta antiquitatis) - Mauricio Antón.jpg
OK   cave-lion <- File:European cave lion (Panthera leo spelaea) - Mauricio Antón.jpg
MISS giant-beaver (candidates: 0)
OK   megaloceros <- File:Megaloceros antler.png
OK   steppe-bison <- File:Steppe_bison_mummy.jpg
OK   bison-antiquus <- File:Bison_antiquus_La_Brea.jpg
OK   camelops <- File:Camelops_hesternus_Page.jpg
OK   hagerman-horse <- File:Equus_simplicidens_UMNH.jpg
OK   giant-horse <- File:Dental histology of Equus sp. (ROM 33036)..png
OK   toxodon <- File:Toxodon platensis model.jpg
OK   eremotherium <- File:Eremotherium Lund 1842.png
OK   thylacine <- File:Thylacinus cynocephalus at Hobart Zoo 1928.jpg
OK   great-auk <- File:Pinguinus impennis.jpg

saved 37, missing 1: ['giant-beaver']
