[13/202] OK   scelidosaurus -> scelidosaurus.jpg
[14/202] OK   cryolophosaurus -> cryolophosaurus.jpg
[15/202] OK   massospondylus -> massospondylus.jpg
[16/202] OK   lesothosaurus -> lesothosaurus.jpg
[17/202] OK   heterodontosaurus -> heterodontosaurus.jpg
[18/202] OK   scutellosaurus -> scutellosaurus.png
[19/202] OK   camarasaurus -> camarasaurus.jpg
[20/202] OK   allosaurus -> allosaurus.jpg
[22/202] OK   diplodocus -> diplodocus.jpg
[23/202] OK   apatosaurus -> apatosaurus.jpg
[24/202] FAIL stegosaurus (Stegosaurus)
[25/202] FAIL ceratosaurus (Ceratosaurus)
[26/202] FAIL compsognathus (Compsognathus)
[27/202] FAIL archaeopteryx (Archaeopteryx)
[29/202] FAIL torvosaurus (Torvosaurus)
[30/202] FAIL saurophaganax (Saurophaganax)
[31/202] FAIL tyrannosaurus (Tyrannosaurus rex)
[32/202] FAIL triceratops (Triceratops)
[33/202] FAIL spinosaurus (Spinosaurus)
[35/202] FAIL ankylosaurus (Ankylosaurus)
[36/202] FAIL giganotosaurus (Giganotosaurus)
[37/202] FAIL carcharodontosaurus (Carcharodontosaurus)
[38/202] FAIL argentinosaurus (Argentinosaurus)
[39/202] FAIL parasaurolophus (Parasaurolophus)
[40/202] FAIL iguanodon (Iguanodon)
[41/202] OK   deinonychus -> deinonychus.jpg
[42/202] FAIL baryonyx (Baryonyx)
[43/202] FAIL utahraptor (Utahraptor)
[44/202] FAIL microraptor (Microraptor)
[45/202] FAIL protoceratops (Protoceratops)
[46/202] FAIL oviraptor (Oviraptor)
[47/202] FAIL therizinosaurus (Therizinosaurus)
[48/202] FAIL carnotaurus (Carnotaurus)
[49/202] FAIL maiasaura (Maiasaura)
[50/202] OK   pachycephalosaurus -> pachycephalosaurus.jpg
[51/202] FAIL edmontosaurus (Edmontosaurus)
[52/202] FAIL lambeosaurus (Lambeosaurus)
[53/202] FAIL styracosaurus (Styracosaurus)
[54/202] FAIL centrosaurus (Centrosaurus)
[55/202] FAIL euoplocephalus (Euoplocephalus)
[56/202] FAIL nodosaurus (Nodosaurus)
[57/202] FAIL troodon (Troodon)
[58/202] FAIL ornithomimus (Ornithomimus)
[59/202] FAIL gallimimus (Gallimimus)
[60/202] OK   deinocheirus -> deinocheirus.jpg
[61/202] FAIL tarbosaurus (Tarbosaurus)
[62/202] FAIL albertosaurus (Albertosaurus)
[63/202] FAIL daspletosaurus (Daspletosaurus)
[64/202] FAIL suchomimus (Suchomimus)
[65/202] FAIL concavenator (Concavenator)
[66/202] FAIL sinoceratops (Sinoceratops)
[67/202] FAIL kosmoceratops (Kosmoceratops)
[68/202] FAIL pentaceratops (Pentaceratops)
[69/202] FAIL achelousaurus (Achelousaurus)
[70/202] FAIL einiosaurus (Einiosaurus)
[71/202] FAIL achillobator (Achillobator)
[72/202] FAIL citipati (Citipati)
[73/202] FAIL pinacosaurus (Pinacosaurus)
[74/202] FAIL saichania (Saichania)
[75/202] FAIL tarchia (Tarchia)
[76/202] FAIL shantungosaurus (Shantungosaurus)
[77/202] OK   sinornithosaurus -> sinornithosaurus.jpg
[78/202] FAIL yutyrannus (Yutyrannus)
[79/202] FAIL beipiaosaurus (Beipiaosaurus)
[80/202] OK   incisivosaurus -> incisivosaurus.jpg
[81/202] FAIL psittacosaurus (Psittacosaurus)
[82/202] FAIL pelecanimimus (Pelecanimimus)
[83/202] FAIL polacanthus (Polacanthus)
[84/202] FAIL hypsilophodon (Hypsilophodon)
[85/202] FAIL ouranosaurus (Ouranosaurus)
[86/202] FAIL rebbachisaurus (Rebbachisaurus)
[87/202] OK   nigersaurus -> nigersaurus.jpg
[88/202] FAIL dreadnoughtus (Dreadnoughtus)
[89/202] FAIL patagotitan (Patagotitan)
[90/202] FAIL puertasaurus (Puertasaurus)
[91/202] FAIL saltasaurus (Saltasaurus)
[92/202] FAIL amargasaurus (Amargasaurus)
[93/202] FAIL dakotaraptor (Dakotaraptor)
[94/202] OK   majungasaurus -> majungasaurus.jpg
[95/202] FAIL abelisaurus (Abelisaurus)
[96/202] FAIL rajasaurus (Rajasaurus)
[97/202] FAIL muttaburrasaurus (Muttaburrasaurus)
[98/202] FAIL minmi (Minmi)
[99/202] FAIL leaellynasaura (Leaellynasaura)
[100/202] OK   zuniceratops -> zuniceratops.jpg
[101/202] OK   struthiomimus -> struthiomimus.png
[102/202] OK   tsintaosaurus -> tsintaosaurus.png
[103/202] OK   orodromeus -> orodromeus.jpg
[104/202] OK   mei -> mei.jpg
[105/202] OK   sinosauropteryx -> sinosauropteryx.jpg
[106/202] OK   Epidexipteryx -> Epidexipteryx.jpg
[107/202] OK   tenontosaurus -> tenontosaurus.jpg
[108/202] FAIL monoclonius (Monoclonius)
[109/202] FAIL leptoceratops (Leptoceratops)
[110/202] FAIL austroraptor (Austroraptor)
[111/202] FAIL megaraptor (Megaraptor)
[112/202] FAIL rapetosaurus (Rapetosaurus)
[113/202] FAIL noasaurus (Noasaurus)
[114/202] FAIL masiakasaurus (Masiakasaurus)
[115/202] FAIL zanabazar (Zanabazar)
[116/202] FAIL byronosaurus (Byronosaurus)
[117/202] OK   pteranodon -> pteranodon.jpg
[118/202] FAIL quetzalcoatlus (Quetzalcoatlus)
[119/202] FAIL dimorphodon (Dimorphodon)
[120/202] OK   rhamphorhynchus -> rhamphorhynchus.jpg
[121/202] FAIL tapejara (Tapejara)
[122/202] OK   hatzegopteryx -> hatzegopteryx.jpg
[123/202] OK   elasmosaurus -> elasmosaurus.png
[124/202] OK   plesiosaurus -> plesiosaurus.jpg
[125/202] OK   ichthyosaurus -> ichthyosaurus.jpg
[126/202] FAIL liopleurodon (Liopleurodon)
[127/202] OK   mosasaurus -> mosasaurus.jpg
[128/202] FAIL tylosaurus (Tylosaurus)
[129/202] FAIL plotosaurus (Plotosaurus)
[130/202] OK   shonisaurus -> shonisaurus.jpg
[131/202] OK   shastasaurus -> shastasaurus.jpg
[132/202] OK   ophthalmosaurus -> ophthalmosaurus.jpg
[133/202] OK   kronosaurus -> kronosaurus.jpg
[134/202] OK   sarcosuchus -> sarcosuchus.jpg
[135/202] OK   deinosuchus -> deinosuchus.jpg
[136/202] OK   megalodon -> megalodon.jpg
[137/202] OK   leedsichthys -> leedsichthys.jpg
[138/202] OK   basilosaurus -> basilosaurus.jpg
[139/202] OK   paraceratherium -> paraceratherium.jpg
[140/202] OK   andrewsarchus -> andrewsarchus.jpg
[141/202] OK   entelodont -> entelodont.jpg
[142/202] OK   arsinoitherium -> arsinoitherium.jpg
[143/202] OK   titanoboa -> titanoboa.jpg
[144/202] OK   phorusrhacos -> phorusrhacos.png
[145/202] OK   kelenken -> kelenken.jpg
[146/202] OK   argentavis -> argentavis.jpg
[147/202] OK   deinotherium -> deinotherium.jpg
[148/202] OK   chalicotherium -> chalicotherium.jpg
[149/202] OK   megatherium -> megatherium.jpg
[150/202] OK   megalania -> megalania.jpg
[151/202] OK   pelagornis -> pelagornis.jpg
[152/202] OK   terror-bird-titanis -> terror-bird-titanis.jpg
[153/202] OK   uintatherium -> uintatherium.jpg
[154/202] OK   amphicyon -> amphicyon.jpg
[155/202] OK   merychippus -> merychippus.png
[156/202] FAIL synthetoceras (Synthetoceras)
[157/202] FAIL woolly-mammoth (Woolly Mammoth)
[158/202] FAIL columbian-mammoth (Columbian Mammoth)
[159/202] OK   pygmy-mammoth -> pygmy-mammoth.jpg
[160/202] OK   smilodon -> smilodon.jpg
[161/202] FAIL smilodon-populator (Smilodon populator)
[162/202] FAIL dire-wolf (Dire Wolf)
[163/202] OK   short-faced-bear -> short-faced-bear.jpg
[164/202] OK   woolly-rhino -> woolly-rhino.jpg
[165/202] FAIL elasmotherium (Elasmotherium)
[166/202] FAIL cave-lion (Cave Lion)
[167/202] OK   cave-bear -> cave-bear.jpg
[168/202] OK   american-lion -> american-lion.jpg
[169/202] OK   american-cheetah -> american-cheetah.png
[170/202] OK   homotherium -> homotherium.jpg
[171/202] OK   giant-beaver -> giant-beaver.jpg
[172/202] OK   glyptodont -> glyptodont.jpg
[173/202] OK   doedicurus -> doedicurus.png
[174/202] OK   diprotodon -> diprotodon.jpg
[175/202] OK   thylacoleo -> thylacoleo.jpg
[176/202] OK   megaloceros -> megaloceros.jpg
[177/202] OK   mastodon -> mastodon.jpg
[178/202] OK   steppe-bison -> steppe-bison.jpg
[179/202] OK   bison-antiquus -> bison-antiquus.jpg
[180/202] OK   camelops -> camelops.jpg
[181/202] OK   hagerman-horse -> hagerman-horse.jpg
[182/202] FAIL giant-horse (Equus giganteus)
[183/202] OK   toxodon -> toxodon.jpg
[184/202] OK   macrauchenia -> macrauchenia.jpg
[185/202] FAIL eremotherium (Eremotherium)
[186/202] OK   thylacine -> thylacine.jpg
[187/202] OK   dodo -> dodo.jpg
[188/202] OK   great-auk -> great-auk.jpg
[189/202] FAIL moa (Giant Moa)
[190/202] OK   stellers-sea-cow -> stellers-sea-cow.jpg
[191/202] FAIL dimetrodon (Dimetrodon)
[192/202] FAIL edaphosaurus (Edaphosaurus)
[193/202] FAIL diplocaulus (Diplocaulus)
[194/202] FAIL eryops (Eryops)
[195/202] FAIL anomalocaris (Anomalocaris)
[196/202] FAIL dunkleosteus (Dunkleosteus)
[197/202] OK   tiktaalik -> tiktaalik.jpg
[198/202] FAIL acanthostega (Acanthostega)
[199/202] OK   eurypterid -> eurypterid.jpg
[200/202] FAIL meganeura (Meganeura)
[201/202] OK   arthropleura -> arthropleura.jpg
[202/202] FAIL pulmonoscorpius (Pulmonoscorpius)

=== SUMMARY ===
Total: 202
Already had: 15
Newly downloaded: 86
Failed: 101
Failed IDs: ['stegosaurus', 'ceratosaurus', 'compsognathus', 'archaeopteryx', 'torvosaurus', 'saurophaganax', 'tyrannosaurus', 'triceratops', 'spinosaurus', 'ankylosaurus', 'giganotosaurus', 'carcharodontosaurus', 'argentinosaurus', 'parasaurolophus', 'iguanodon', 'baryonyx', 'utahraptor', 'microraptor', 'protoceratops', 'oviraptor', 'therizinosaurus', 'carnotaurus', 'maiasaura', 'edmontosaurus', 'lambeosaurus', 'styracosaurus', 'centrosaurus', 'euoplocephalus', 'nodosaurus', 'troodon', 'ornithomimus', 'gallimimus', 'tarbosaurus', 'albertosaurus', 'daspletosaurus', 'suchomimus', 'concavenator', 'sinoceratops', 'kosmoceratops', 'pentaceratops', 'achelousaurus', 'einiosaurus', 'achillobator', 'citipati', 'pinacosaurus', 'saichania', 'tarchia', 'shantungosaurus', 'yutyrannus', 'beipiaosaurus', 'psittacosaurus', 'pelecanimimus', 'polacanthus', 'hypsilophodon', 'ouranosaurus', 'rebbachisaurus', 'dreadnoughtus', 'patagotitan', 'puertasaurus', 'saltasaurus', 'amargasaurus', 'dakotaraptor', 'abelisaurus', 'rajasaurus', 'muttaburrasaurus', 'minmi', 'leaellynasaura', 'monoclonius', 'leptoceratops', 'austroraptor', 'megaraptor', 'rapetosaurus', 'noasaurus', 'masiakasaurus', 'zanabazar', 'byronosaurus', 'quetzalcoatlus', 'dimorphodon', 'tapejara', 'liopleurodon', 'tylosaurus', 'plotosaurus', 'synthetoceras', 'woolly-mammoth', 'columbian-mammoth', 'smilodon-populator', 'dire-wolf', 'elasmotherium', 'cave-lion', 'giant-horse', 'eremotherium', 'moa', 'dimetrodon', 'edaphosaurus', 'diplocaulus', 'eryops', 'anomalocaris', 'dunkleosteus', 'acanthostega', 'meganeura', 'pulmonoscorpius']
